This is pdfTeX, Version 3.141592653-2.6-1.40.27 (TeX Live 2025/nixos.org) (preloaded format=pdflatex 1980.1.1)  11 JUL 2026 09:26
entering extended mode
 restricted \write18 enabled.
 file:line:error style messages enabled.
 %&-line parsing enabled.
**brainviz-vcbm2026.tex
(./brainviz-vcbm2026.tex
LaTeX2e <2025-06-01> patch level 1
L3 programming layer <2025-06-09>
(./egpubl-eurovis-short.cls
Document Class: egpubl-eurovis-short 2013/07/17 Document Style for EG Publications v3.56
\c@table=\count275
\c@figure=\count276
\c@part=\count277
\c@section=\count278
\c@subsection=\count279
\c@subsubsection=\count280
\c@paragraph=\count281
\c@subparagraph=\count282
\titlespace=\skip49
\teaserspace=\skip50
\c@p@volume=\count283
\bibhang=\skip51
\every@verbatim=\toks17
\verbatim@line=\toks18
(/nix/store/9dj928q9970ri0n3b12q0p7yrr33kjvi-texlive-2025-env-texmfdist/tex/generic/iftex/ifpdf.sty
Package: ifpdf 2019/10/25 v3.4 ifpdf legacy package. Use iftex instead.
 (/nix/store/9dj928q9970ri0n3b12q0p7yrr33kjvi-texlive-2025-env-texmfdist/tex/generic/iftex/iftex.sty
Package: iftex 2024/12/12 v1.0g TeX engine tests
)) (./brainviz-vcbm2026.lbl)
\openout9 = `brainviz-vcbm2026.lbl'.

) (./vcbm2026-conference.sty) (/nix/store/9dj928q9970ri0n3b12q0p7yrr33kjvi-texlive-2025-env-texmfdist/tex/latex/graphics/graphicx.sty
Package: graphicx 2024/12/31 v1.2e Enhanced LaTeX Graphics (DPC,SPQR)
 (/nix/store/9dj928q9970ri0n3b12q0p7yrr33kjvi-texlive-2025-env-texmfdist/tex/latex/graphics/keyval.sty
Package: keyval 2022/05/29 v1.15 key=value parser (DPC)
\KV@toks@=\toks19
) (/nix/store/9dj928q9970ri0n3b12q0p7yrr33kjvi-texlive-2025-env-texmfdist/tex/latex/graphics/graphics.sty
Package: graphics 2024/08/06 v1.4g Standard LaTeX Graphics (DPC,SPQR)
 (/nix/store/9dj928q9970ri0n3b12q0p7yrr33kjvi-texlive-2025-env-texmfdist/tex/latex/graphics/trig.sty
Package: trig 2023/12/02 v1.11 sin cos tan (DPC)
) (/nix/store/9dj928q9970ri0n3b12q0p7yrr33kjvi-texlive-2025-env-texmfdist/tex/latex/graphics-cfg/graphics.cfg
File: graphics.cfg 2016/06/04 v1.11 sample graphics configuration
)
Package graphics Info: Driver file: pdftex.def on input line 106.
 (/nix/store/9dj928q9970ri0n3b12q0p7yrr33kjvi-texlive-2025-env-texmfdist/tex/latex/graphics-def/pdftex.def
File: pdftex.def 2024/04/13 v1.2c Graphics/color driver for pdftex
))
\Gin@req@height=\dimen148
\Gin@req@width=\dimen149
) (/nix/store/9dj928q9970ri0n3b12q0p7yrr33kjvi-texlive-2025-env-texmfdist/tex/latex/hyperref/hyperref.sty
Package: hyperref 2025-06-21 v7.01n Hypertext links for LaTeX
 (/nix/store/9dj928q9970ri0n3b12q0p7yrr33kjvi-texlive-2025-env-texmfdist/tex/latex/kvsetkeys/kvsetkeys.sty
Package: kvsetkeys 2022-10-05 v1.19 Key value parser (HO)
) (/nix/store/9dj928q9970ri0n3b12q0p7yrr33kjvi-texlive-2025-env-texmfdist/tex/generic/kvdefinekeys/kvdefinekeys.sty
Package: kvdefinekeys 2019-12-19 v1.6 Define keys (HO)
) (/nix/store/9dj928q9970ri0n3b12q0p7yrr33kjvi-texlive-2025-env-texmfdist/tex/generic/pdfescape/pdfescape.sty
Package: pdfescape 2019/12/09 v1.15 Implements pdfTeX's escape features (HO)
 (/nix/store/9dj928q9970ri0n3b12q0p7yrr33kjvi-texlive-2025-env-texmfdist/tex/generic/ltxcmds/ltxcmds.sty
Package: ltxcmds 2023-12-04 v1.26 LaTeX kernel commands for general use (HO)
) (/nix/store/9dj928q9970ri0n3b12q0p7yrr33kjvi-texlive-2025-env-texmfdist/tex/generic/pdftexcmds/pdftexcmds.sty
Package: pdftexcmds 2020-06-27 v0.33 Utility functions of pdfTeX for LuaTeX (HO)
 (/nix/store/9dj928q9970ri0n3b12q0p7yrr33kjvi-texlive-2025-env-texmfdist/tex/generic/infwarerr/infwarerr.sty
Package: infwarerr 2019/12/03 v1.5 Providing info/warning/error messages (HO)
)
Package pdftexcmds Info: \pdf@primitive is available.
Package pdftexcmds Info: \pdf@ifprimitive is available.
Package pdftexcmds Info: \pdfdraftmode found.
)) (/nix/store/9dj928q9970ri0n3b12q0p7yrr33kjvi-texlive-2025-env-texmfdist/tex/latex/hycolor/hycolor.sty
Package: hycolor 2020-01-27 v1.10 Color options for hyperref/bookmark (HO)
) (/nix/store/9dj928q9970ri0n3b12q0p7yrr33kjvi-texlive-2025-env-texmfdist/tex/latex/hyperref/nameref.sty
Package: nameref 2025-06-21 v2.57 Cross-referencing by name of section
 (/nix/store/9dj928q9970ri0n3b12q0p7yrr33kjvi-texlive-2025-env-texmfdist/tex/latex/refcount/refcount.sty
Package: refcount 2019/12/15 v3.6 Data extraction from label references (HO)
)
(/nix/store/9dj928q9970ri0n3b12q0p7yrr33kjvi-texlive-2025-env-texmfdist/tex/generic/gettitlestring/gettitlestring.sty
Package: gettitlestring 2019/12/15 v1.6 Cleanup title references (HO)
 (/nix/store/9dj928q9970ri0n3b12q0p7yrr33kjvi-texlive-2025-env-texmfdist/tex/latex/kvoptions/kvoptions.sty
Package: kvoptions 2022-06-15 v3.15 Key value format for package options (HO)
))
\c@section@level=\count284
) (/nix/store/9dj928q9970ri0n3b12q0p7yrr33kjvi-texlive-2025-env-texmfdist/tex/latex/etoolbox/etoolbox.sty
Package: etoolbox 2025/02/11 v2.5l e-TeX tools for LaTeX (JAW)
\etb@tempcnta=\count285
) (/nix/store/9dj928q9970ri0n3b12q0p7yrr33kjvi-texlive-2025-env-texmfdist/tex/generic/stringenc/stringenc.sty
Package: stringenc 2019/11/29 v1.12 Convert strings between diff. encodings (HO)
)
\@linkdim=\dimen150
\Hy@linkcounter=\count286
\Hy@pagecounter=\count287
 (/nix/store/9dj928q9970ri0n3b12q0p7yrr33kjvi-texlive-2025-env-texmfdist/tex/latex/hyperref/pd1enc.def
File: pd1enc.def 2025-06-21 v7.01n Hyperref: PDFDocEncoding definition (HO)
Now handling font encoding PD1 ...
... no UTF-8 mapping file for font encoding PD1
) (/nix/store/9dj928q9970ri0n3b12q0p7yrr33kjvi-texlive-2025-env-texmfdist/tex/generic/intcalc/intcalc.sty
Package: intcalc 2019/12/15 v1.3 Expandable calculations with integers (HO)
)
\Hy@SavedSpaceFactor=\count288
 (/nix/store/9dj928q9970ri0n3b12q0p7yrr33kjvi-texlive-2025-env-texmfdist/tex/latex/hyperref/puenc.def
File: puenc.def 2025-06-21 v7.01n Hyperref: PDF Unicode definition (HO)
Now handling font encoding PU ...
... no UTF-8 mapping file for font encoding PU
)
Package hyperref Info: Option `colorlinks' set `true' on input line 4052.
Package hyperref Info: Option `bookmarks' set `false' on input line 4052.
Package hyperref Info: Hyper figures OFF on input line 4181.
Package hyperref Info: Link nesting OFF on input line 4186.
Package hyperref Info: Hyper index ON on input line 4189.
Package hyperref Info: Plain pages OFF on input line 4196.
Package hyperref Info: Backreferencing ON on input line 4199.
Package hyperref Info: Implicit mode ON; LaTeX internals redefined.
Package hyperref Info: Bookmarks OFF on input line 4454.
 (/nix/store/9dj928q9970ri0n3b12q0p7yrr33kjvi-texlive-2025-env-texmfdist/tex/latex/hyperref/backref.sty
Package: backref 2025-06-21 v1.45 Bibliographical back referencing
 (/nix/store/9dj928q9970ri0n3b12q0p7yrr33kjvi-texlive-2025-env-texmfdist/tex/latex/rerunfilecheck/rerunfilecheck.sty
Package: rerunfilecheck 2025-06-21 v1.11 Rerun checks for auxiliary files (HO)
 (/nix/store/9dj928q9970ri0n3b12q0p7yrr33kjvi-texlive-2025-env-texmfdist/tex/generic/uniquecounter/uniquecounter.sty
Package: uniquecounter 2019/12/15 v1.4 Provide unlimited unique counter (HO)
 (/nix/store/9dj928q9970ri0n3b12q0p7yrr33kjvi-texlive-2025-env-texmfdist/tex/generic/bigintcalc/bigintcalc.sty
Package: bigintcalc 2019/12/15 v1.5 Expandable calculations on big integers (HO)
))
Package uniquecounter Info: New unique counter `rerunfilecheck' on input line 284.
))
\c@Hy@tempcnt=\count289
 (/nix/store/9dj928q9970ri0n3b12q0p7yrr33kjvi-texlive-2025-env-texmfdist/tex/latex/url/url.sty
\Urlmuskip=\muskip17
Package: url 2013/09/16  ver 3.4  Verb mode for urls, etc.
)
LaTeX Info: Redefining \url on input line 4787.
\XeTeXLinkMargin=\dimen151
 (/nix/store/9dj928q9970ri0n3b12q0p7yrr33kjvi-texlive-2025-env-texmfdist/tex/generic/bitset/bitset.sty
Package: bitset 2019/12/09 v1.3 Handle bit-vector datatype (HO)
)
\Fld@menulength=\count290
\Field@Width=\dimen152
\Fld@charsize=\dimen153
Package hyperref Info: Hyper figures OFF on input line 6066.
Package hyperref Info: Link nesting OFF on input line 6071.
Package hyperref Info: Hyper index ON on input line 6074.
Package hyperref Info: backreferencing ON on input line 6079.
Package hyperref Info: Link coloring ON on input line 6084.
Package hyperref Info: Link coloring with OCG OFF on input line 6091.
Package hyperref Info: PDF/A mode OFF on input line 6096.
\Hy@abspage=\count291
\c@Item=\count292
\c@Hfootnote=\count293
)
Package hyperref Info: Driver: hpdftex.
 (/nix/store/9dj928q9970ri0n3b12q0p7yrr33kjvi-texlive-2025-env-texmfdist/tex/latex/hyperref/hpdftex.def
File: hpdftex.def 2025-06-21 v7.01n Hyperref driver for pdfTeX
\Fld@listcount=\count294
\c@bookmark@seq@number=\count295
\Hy@SectionHShift=\skip52
) (/nix/store/9dj928q9970ri0n3b12q0p7yrr33kjvi-texlive-2025-env-texmfdist/tex/latex/base/t1enc.sty
Package: t1enc 1994/06/01 Standard LaTeX package
) (./dfadobe.sty
Package: dfadobe 2000/03/05 v1.4 T1-encoded Times (except symbols), Courier, Helvetica (at 90\%) + math package
LaTeX Font Info:    Redeclaring symbol font `operators' on input line 14.
LaTeX Font Info:    Overwriting symbol font `operators' in version `normal'
(Font)                  OT1/cmr/m/n --> OT1/ptmcm/m/n on input line 14.
LaTeX Font Info:    Overwriting symbol font `operators' in version `bold'
(Font)                  OT1/cmr/bx/n --> OT1/ptmcm/m/n on input line 14.
LaTeX Font Info:    Redeclaring symbol font `letters' on input line 15.
LaTeX Font Info:    Overwriting symbol font `letters' in version `normal'
(Font)                  OML/cmm/m/it --> OML/ptmcm/m/it on input line 15.
LaTeX Font Info:    Overwriting symbol font `letters' in version `bold'
(Font)                  OML/cmm/b/it --> OML/ptmcm/m/it on input line 15.
LaTeX Font Info:    Redeclaring symbol font `largesymbols' on input line 16.
LaTeX Font Info:    Overwriting symbol font `largesymbols' in version `normal'
(Font)                  OMX/cmex/m/n --> OMX/psycm/m/n on input line 16.
LaTeX Font Info:    Overwriting symbol font `largesymbols' in version `bold'
(Font)                  OMX/cmex/m/n --> OMX/psycm/m/n on input line 16.
\symbold=\mathgroup4
\symitalic=\mathgroup5
LaTeX Font Info:    Redeclaring math alphabet \mathbf on input line 19.
LaTeX Font Info:    Overwriting math alphabet `\mathbf' in version `normal'
(Font)                  OT1/cmr/bx/n --> OT1/ptm/bx/n on input line 19.
LaTeX Font Info:    Overwriting math alphabet `\mathbf' in version `bold'
(Font)                  OT1/cmr/bx/n --> OT1/ptm/bx/n on input line 19.
LaTeX Font Info:    Redeclaring math alphabet \mathit on input line 20.
LaTeX Font Info:    Overwriting math alphabet `\mathit' in version `normal'
(Font)                  OT1/cmr/m/it --> OT1/ptm/m/it on input line 20.
LaTeX Font Info:    Overwriting math alphabet `\mathit' in version `bold'
(Font)                  OT1/cmr/bx/it --> OT1/ptm/m/it on input line 20.
 (./dfT1ptm.fd
File: dfT1ptm.fd 2000/03/05 DF - Fontinst v1.6 font definitions for T1/ptm.


LaTeX Info: Font shape T1/ptm/mc/n has incorrect series value `mc'.
            It should not contain an `m'! Please correct it.
            Found on input line 59.


LaTeX Info: Font shape T1/ptm/mc/sl has incorrect series value `mc'.
            It should not contain an `m'! Please correct it.
            Found on input line 60.


LaTeX Info: Font shape T1/ptm/mc/it has incorrect series value `mc'.
            It should not contain an `m'! Please correct it.
            Found on input line 61.

) (./dfT1phv.fd
File: dfT1phv.fd 1997/12/02 Fontinst v1.6 font definitions for T1/phv scaled to 90\%.


LaTeX Info: Font shape T1/phv/mc/n has incorrect series value `mc'.
            It should not contain an `m'! Please correct it.
            Found on input line 65.


LaTeX Info: Font shape T1/phv/mc/sc has incorrect series value `mc'.
            It should not contain an `m'! Please correct it.
            Found on input line 69.


LaTeX Info: Font shape T1/phv/mc/sl has incorrect series value `mc'.
            It should not contain an `m'! Please correct it.
            Found on input line 73.


LaTeX Info: Font shape T1/phv/mc/it has incorrect series value `mc'.
            It should not contain an `m'! Please correct it.
            Found on input line 83.

) (./dfT1pcr.fd
File: dfT1pcr.fd 2000/03/05 DF - Fontinst v1.6 font definitions for T1/pcr.


LaTeX Info: Font shape T1/pcr/mc/n has incorrect series value `mc'.
            It should not contain an `m'! Please correct it.
            Found on input line 43.


LaTeX Info: Font shape T1/pcr/mc/sl has incorrect series value `mc'.
            It should not contain an `m'! Please correct it.
            Found on input line 59.


LaTeX Info: Font shape T1/pcr/mc/it has incorrect series value `mc'.
            It should not contain an `m'! Please correct it.
            Found on input line 60.

)) (./egweblnk.sty
Package: egweblnk 2004/10/29 v2.2 DF's support for http web links in class egpubl
) (/nix/store/9dj928q9970ri0n3b12q0p7yrr33kjvi-texlive-2025-env-texmfdist/tex/latex/cite/cite.sty
LaTeX Info: Redefining \cite on input line 302.
LaTeX Info: Redefining \nocite on input line 332.
Package: cite 2015/02/27  v 5.5
) (/nix/store/9dj928q9970ri0n3b12q0p7yrr33kjvi-texlive-2025-env-texmfdist/tex/latex/pgf/frontendlayer/tikz.sty (/nix/store/9dj928q9970ri0n3b12q0p7yrr33kjvi-texlive-2025-env-texmfdist/tex/latex/pgf/basiclayer/pgf.sty (/nix/store/9dj928q9970ri0n3b12q0p7yrr33kjvi-texlive-2025-env-texmfdist/tex/latex/pgf/utilities/pgfrcs.sty (/nix/store/9dj928q9970ri0n3b12q0p7yrr33kjvi-texlive-2025-env-texmfdist/tex/generic/pgf/utilities/pgfutil-common.tex
\pgfutil@everybye=\toks20
\pgfutil@tempdima=\dimen154
\pgfutil@tempdimb=\dimen155
) (/nix/store/9dj928q9970ri0n3b12q0p7yrr33kjvi-texlive-2025-env-texmfdist/tex/generic/pgf/utilities/pgfutil-latex.def
\pgfutil@abb=\box53
) (/nix/store/9dj928q9970ri0n3b12q0p7yrr33kjvi-texlive-2025-env-texmfdist/tex/generic/pgf/utilities/pgfrcs.code.tex (/nix/store/9dj928q9970ri0n3b12q0p7yrr33kjvi-texlive-2025-env-texmfdist/tex/generic/pgf/pgf.revision.tex)
Package: pgfrcs 2023-01-15 v3.1.10 (3.1.10)
))
Package: pgf 2023-01-15 v3.1.10 (3.1.10)
 (/nix/store/9dj928q9970ri0n3b12q0p7yrr33kjvi-texlive-2025-env-texmfdist/tex/latex/pgf/basiclayer/pgfcore.sty (/nix/store/9dj928q9970ri0n3b12q0p7yrr33kjvi-texlive-2025-env-texmfdist/tex/latex/pgf/systemlayer/pgfsys.sty (/nix/store/9dj928q9970ri0n3b12q0p7yrr33kjvi-texlive-2025-env-texmfdist/tex/generic/pgf/systemlayer/pgfsys.code.tex
Package: pgfsys 2023-01-15 v3.1.10 (3.1.10)
 (/nix/store/9dj928q9970ri0n3b12q0p7yrr33kjvi-texlive-2025-env-texmfdist/tex/generic/pgf/utilities/pgfkeys.code.tex
\pgfkeys@pathtoks=\toks21
\pgfkeys@temptoks=\toks22
 (/nix/store/9dj928q9970ri0n3b12q0p7yrr33kjvi-texlive-2025-env-texmfdist/tex/generic/pgf/utilities/pgfkeyslibraryfiltered.code.tex
\pgfkeys@tmptoks=\toks23
))
\pgf@x=\dimen156
\pgf@y=\dimen157
\pgf@xa=\dimen158
\pgf@ya=\dimen159
\pgf@xb=\dimen160
\pgf@yb=\dimen161
\pgf@xc=\dimen162
\pgf@yc=\dimen163
\pgf@xd=\dimen164
\pgf@yd=\dimen165
\w@pgf@writea=\write3
\r@pgf@reada=\read2
\c@pgf@counta=\count296
\c@pgf@countb=\count297
\c@pgf@countc=\count298
\c@pgf@countd=\count299
\t@pgf@toka=\toks24
\t@pgf@tokb=\toks25
\t@pgf@tokc=\toks26
\pgf@sys@id@count=\count300
 (/nix/store/9dj928q9970ri0n3b12q0p7yrr33kjvi-texlive-2025-env-texmfdist/tex/generic/pgf/systemlayer/pgf.cfg
File: pgf.cfg 2023-01-15 v3.1.10 (3.1.10)
)
Driver file for pgf: pgfsys-pdftex.def
 (/nix/store/9dj928q9970ri0n3b12q0p7yrr33kjvi-texlive-2025-env-texmfdist/tex/generic/pgf/systemlayer/pgfsys-pdftex.def
File: pgfsys-pdftex.def 2023-01-15 v3.1.10 (3.1.10)
 (/nix/store/9dj928q9970ri0n3b12q0p7yrr33kjvi-texlive-2025-env-texmfdist/tex/generic/pgf/systemlayer/pgfsys-common-pdf.def
File: pgfsys-common-pdf.def 2023-01-15 v3.1.10 (3.1.10)
))) (/nix/store/9dj928q9970ri0n3b12q0p7yrr33kjvi-texlive-2025-env-texmfdist/tex/generic/pgf/systemlayer/pgfsyssoftpath.code.tex
File: pgfsyssoftpath.code.tex 2023-01-15 v3.1.10 (3.1.10)
\pgfsyssoftpath@smallbuffer@items=\count301
\pgfsyssoftpath@bigbuffer@items=\count302
)
(/nix/store/9dj928q9970ri0n3b12q0p7yrr33kjvi-texlive-2025-env-texmfdist/tex/generic/pgf/systemlayer/pgfsysprotocol.code.tex
File: pgfsysprotocol.code.tex 2023-01-15 v3.1.10 (3.1.10)
)) (/nix/store/9dj928q9970ri0n3b12q0p7yrr33kjvi-texlive-2025-env-texmfdist/tex/latex/xcolor/xcolor.sty
Package: xcolor 2024/09/29 v3.02 LaTeX color extensions (UK)
 (/nix/store/9dj928q9970ri0n3b12q0p7yrr33kjvi-texlive-2025-env-texmfdist/tex/latex/graphics-cfg/color.cfg
File: color.cfg 2016/01/02 v1.6 sample color configuration
)
Package xcolor Info: Driver file: pdftex.def on input line 274.
 (/nix/store/9dj928q9970ri0n3b12q0p7yrr33kjvi-texlive-2025-env-texmfdist/tex/latex/graphics/mathcolor.ltx)
Package xcolor Info: Model `cmy' substituted by `cmy0' on input line 1349.
Package xcolor Info: Model `hsb' substituted by `rgb' on input line 1353.
Package xcolor Info: Model `RGB' extended on input line 1365.
Package xcolor Info: Model `HTML' substituted by `rgb' on input line 1367.
Package xcolor Info: Model `Hsb' substituted by `hsb' on input line 1368.
Package xcolor Info: Model `tHsb' substituted by `hsb' on input line 1369.
Package xcolor Info: Model `HSB' substituted by `hsb' on input line 1370.
Package xcolor Info: Model `Gray' substituted by `gray' on input line 1371.
Package xcolor Info: Model `wave' substituted by `hsb' on input line 1372.
) (/nix/store/9dj928q9970ri0n3b12q0p7yrr33kjvi-texlive-2025-env-texmfdist/tex/generic/pgf/basiclayer/pgfcore.code.tex
Package: pgfcore 2023-01-15 v3.1.10 (3.1.10)
 (/nix/store/9dj928q9970ri0n3b12q0p7yrr33kjvi-texlive-2025-env-texmfdist/tex/generic/pgf/math/pgfmath.code.tex (/nix/store/9dj928q9970ri0n3b12q0p7yrr33kjvi-texlive-2025-env-texmfdist/tex/generic/pgf/math/pgfmathutil.code.tex) (/nix/store/9dj928q9970ri0n3b12q0p7yrr33kjvi-texlive-2025-env-texmfdist/tex/generic/pgf/math/pgfmathparser.code.tex
\pgfmath@dimen=\dimen166
\pgfmath@count=\count303
\pgfmath@box=\box54
\pgfmath@toks=\toks27
\pgfmath@stack@operand=\toks28
\pgfmath@stack@operation=\toks29
) (/nix/store/9dj928q9970ri0n3b12q0p7yrr33kjvi-texlive-2025-env-texmfdist/tex/generic/pgf/math/pgfmathfunctions.code.tex) (/nix/store/9dj928q9970ri0n3b12q0p7yrr33kjvi-texlive-2025-env-texmfdist/tex/generic/pgf/math/pgfmathfunctions.basic.code.tex) (/nix/store/9dj928q9970ri0n3b12q0p7yrr33kjvi-texlive-2025-env-texmfdist/tex/generic/pgf/math/pgfmathfunctions.trigonometric.code.tex) (/nix/store/9dj928q9970ri0n3b12q0p7yrr33kjvi-texlive-2025-env-texmfdist/tex/generic/pgf/math/pgfmathfunctions.random.code.tex) (/nix/store/9dj928q9970ri0n3b12q0p7yrr33kjvi-texlive-2025-env-texmfdist/tex/generic/pgf/math/pgfmathfunctions.comparison.code.tex) (/nix/store/9dj928q9970ri0n3b12q0p7yrr33kjvi-texlive-2025-env-texmfdist/tex/generic/pgf/math/pgfmathfunctions.base.code.tex) (/nix/store/9dj928q9970ri0n3b12q0p7yrr33kjvi-texlive-2025-env-texmfdist/tex/generic/pgf/math/pgfmathfunctions.round.code.tex) (/nix/store/9dj928q9970ri0n3b12q0p7yrr33kjvi-texlive-2025-env-texmfdist/tex/generic/pgf/math/pgfmathfunctions.misc.code.tex)
(/nix/store/9dj928q9970ri0n3b12q0p7yrr33kjvi-texlive-2025-env-texmfdist/tex/generic/pgf/math/pgfmathfunctions.integerarithmetics.code.tex) (/nix/store/9dj928q9970ri0n3b12q0p7yrr33kjvi-texlive-2025-env-texmfdist/tex/generic/pgf/math/pgfmathcalc.code.tex) (/nix/store/9dj928q9970ri0n3b12q0p7yrr33kjvi-texlive-2025-env-texmfdist/tex/generic/pgf/math/pgfmathfloat.code.tex
\c@pgfmathroundto@lastzeros=\count304
)) (/nix/store/9dj928q9970ri0n3b12q0p7yrr33kjvi-texlive-2025-env-texmfdist/tex/generic/pgf/math/pgfint.code.tex) (/nix/store/9dj928q9970ri0n3b12q0p7yrr33kjvi-texlive-2025-env-texmfdist/tex/generic/pgf/basiclayer/pgfcorepoints.code.tex
File: pgfcorepoints.code.tex 2023-01-15 v3.1.10 (3.1.10)
\pgf@picminx=\dimen167
\pgf@picmaxx=\dimen168
\pgf@picminy=\dimen169
\pgf@picmaxy=\dimen170
\pgf@pathminx=\dimen171
\pgf@pathmaxx=\dimen172
\pgf@pathminy=\dimen173
\pgf@pathmaxy=\dimen174
\pgf@xx=\dimen175
\pgf@xy=\dimen176
\pgf@yx=\dimen177
\pgf@yy=\dimen178
\pgf@zx=\dimen179
\pgf@zy=\dimen180
) (/nix/store/9dj928q9970ri0n3b12q0p7yrr33kjvi-texlive-2025-env-texmfdist/tex/generic/pgf/basiclayer/pgfcorepathconstruct.code.tex
File: pgfcorepathconstruct.code.tex 2023-01-15 v3.1.10 (3.1.10)
\pgf@path@lastx=\dimen181
\pgf@path@lasty=\dimen182
) (/nix/store/9dj928q9970ri0n3b12q0p7yrr33kjvi-texlive-2025-env-texmfdist/tex/generic/pgf/basiclayer/pgfcorepathusage.code.tex
File: pgfcorepathusage.code.tex 2023-01-15 v3.1.10 (3.1.10)
\pgf@shorten@end@additional=\dimen183
\pgf@shorten@start@additional=\dimen184
) (/nix/store/9dj928q9970ri0n3b12q0p7yrr33kjvi-texlive-2025-env-texmfdist/tex/generic/pgf/basiclayer/pgfcorescopes.code.tex
File: pgfcorescopes.code.tex 2023-01-15 v3.1.10 (3.1.10)
\pgfpic=\box55
\pgf@hbox=\box56
\pgf@layerbox@main=\box57
\pgf@picture@serial@count=\count305
) (/nix/store/9dj928q9970ri0n3b12q0p7yrr33kjvi-texlive-2025-env-texmfdist/tex/generic/pgf/basiclayer/pgfcoregraphicstate.code.tex
File: pgfcoregraphicstate.code.tex 2023-01-15 v3.1.10 (3.1.10)
\pgflinewidth=\dimen185
) (/nix/store/9dj928q9970ri0n3b12q0p7yrr33kjvi-texlive-2025-env-texmfdist/tex/generic/pgf/basiclayer/pgfcoretransformations.code.tex
File: pgfcoretransformations.code.tex 2023-01-15 v3.1.10 (3.1.10)
\pgf@pt@x=\dimen186
\pgf@pt@y=\dimen187
\pgf@pt@temp=\dimen188
) (/nix/store/9dj928q9970ri0n3b12q0p7yrr33kjvi-texlive-2025-env-texmfdist/tex/generic/pgf/basiclayer/pgfcorequick.code.tex
File: pgfcorequick.code.tex 2023-01-15 v3.1.10 (3.1.10)
) (/nix/store/9dj928q9970ri0n3b12q0p7yrr33kjvi-texlive-2025-env-texmfdist/tex/generic/pgf/basiclayer/pgfcoreobjects.code.tex
File: pgfcoreobjects.code.tex 2023-01-15 v3.1.10 (3.1.10)
) (/nix/store/9dj928q9970ri0n3b12q0p7yrr33kjvi-texlive-2025-env-texmfdist/tex/generic/pgf/basiclayer/pgfcorepathprocessing.code.tex
File: pgfcorepathprocessing.code.tex 2023-01-15 v3.1.10 (3.1.10)
) (/nix/store/9dj928q9970ri0n3b12q0p7yrr33kjvi-texlive-2025-env-texmfdist/tex/generic/pgf/basiclayer/pgfcorearrows.code.tex
File: pgfcorearrows.code.tex 2023-01-15 v3.1.10 (3.1.10)
\pgfarrowsep=\dimen189
) (/nix/store/9dj928q9970ri0n3b12q0p7yrr33kjvi-texlive-2025-env-texmfdist/tex/generic/pgf/basiclayer/pgfcoreshade.code.tex
File: pgfcoreshade.code.tex 2023-01-15 v3.1.10 (3.1.10)
\pgf@max=\dimen190
\pgf@sys@shading@range@num=\count306
\pgf@shadingcount=\count307
) (/nix/store/9dj928q9970ri0n3b12q0p7yrr33kjvi-texlive-2025-env-texmfdist/tex/generic/pgf/basiclayer/pgfcoreimage.code.tex
File: pgfcoreimage.code.tex 2023-01-15 v3.1.10 (3.1.10)
)
(/nix/store/9dj928q9970ri0n3b12q0p7yrr33kjvi-texlive-2025-env-texmfdist/tex/generic/pgf/basiclayer/pgfcoreexternal.code.tex
File: pgfcoreexternal.code.tex 2023-01-15 v3.1.10 (3.1.10)
\pgfexternal@startupbox=\box58
) (/nix/store/9dj928q9970ri0n3b12q0p7yrr33kjvi-texlive-2025-env-texmfdist/tex/generic/pgf/basiclayer/pgfcorelayers.code.tex
File: pgfcorelayers.code.tex 2023-01-15 v3.1.10 (3.1.10)
) (/nix/store/9dj928q9970ri0n3b12q0p7yrr33kjvi-texlive-2025-env-texmfdist/tex/generic/pgf/basiclayer/pgfcoretransparency.code.tex
File: pgfcoretransparency.code.tex 2023-01-15 v3.1.10 (3.1.10)
) (/nix/store/9dj928q9970ri0n3b12q0p7yrr33kjvi-texlive-2025-env-texmfdist/tex/generic/pgf/basiclayer/pgfcorepatterns.code.tex
File: pgfcorepatterns.code.tex 2023-01-15 v3.1.10 (3.1.10)
) (/nix/store/9dj928q9970ri0n3b12q0p7yrr33kjvi-texlive-2025-env-texmfdist/tex/generic/pgf/basiclayer/pgfcorerdf.code.tex
File: pgfcorerdf.code.tex 2023-01-15 v3.1.10 (3.1.10)
))) (/nix/store/9dj928q9970ri0n3b12q0p7yrr33kjvi-texlive-2025-env-texmfdist/tex/generic/pgf/modules/pgfmoduleshapes.code.tex
File: pgfmoduleshapes.code.tex 2023-01-15 v3.1.10 (3.1.10)
\pgfnodeparttextbox=\box59
) (/nix/store/9dj928q9970ri0n3b12q0p7yrr33kjvi-texlive-2025-env-texmfdist/tex/generic/pgf/modules/pgfmoduleplot.code.tex
File: pgfmoduleplot.code.tex 2023-01-15 v3.1.10 (3.1.10)
) (/nix/store/9dj928q9970ri0n3b12q0p7yrr33kjvi-texlive-2025-env-texmfdist/tex/latex/pgf/compatibility/pgfcomp-version-0-65.sty
Package: pgfcomp-version-0-65 2023-01-15 v3.1.10 (3.1.10)
\pgf@nodesepstart=\dimen191
\pgf@nodesepend=\dimen192
) (/nix/store/9dj928q9970ri0n3b12q0p7yrr33kjvi-texlive-2025-env-texmfdist/tex/latex/pgf/compatibility/pgfcomp-version-1-18.sty
Package: pgfcomp-version-1-18 2023-01-15 v3.1.10 (3.1.10)
)) (/nix/store/9dj928q9970ri0n3b12q0p7yrr33kjvi-texlive-2025-env-texmfdist/tex/latex/pgf/utilities/pgffor.sty (/nix/store/9dj928q9970ri0n3b12q0p7yrr33kjvi-texlive-2025-env-texmfdist/tex/latex/pgf/utilities/pgfkeys.sty (/nix/store/9dj928q9970ri0n3b12q0p7yrr33kjvi-texlive-2025-env-texmfdist/tex/generic/pgf/utilities/pgfkeys.code.tex)) (/nix/store/9dj928q9970ri0n3b12q0p7yrr33kjvi-texlive-2025-env-texmfdist/tex/latex/pgf/math/pgfmath.sty (/nix/store/9dj928q9970ri0n3b12q0p7yrr33kjvi-texlive-2025-env-texmfdist/tex/generic/pgf/math/pgfmath.code.tex)) (/nix/store/9dj928q9970ri0n3b12q0p7yrr33kjvi-texlive-2025-env-texmfdist/tex/generic/pgf/utilities/pgffor.code.tex
Package: pgffor 2023-01-15 v3.1.10 (3.1.10)
\pgffor@iter=\dimen193
\pgffor@skip=\dimen194
\pgffor@stack=\toks30
\pgffor@toks=\toks31
)) (/nix/store/9dj928q9970ri0n3b12q0p7yrr33kjvi-texlive-2025-env-texmfdist/tex/generic/pgf/frontendlayer/tikz/tikz.code.tex
Package: tikz 2023-01-15 v3.1.10 (3.1.10)

(/nix/store/9dj928q9970ri0n3b12q0p7yrr33kjvi-texlive-2025-env-texmfdist/tex/generic/pgf/libraries/pgflibraryplothandlers.code.tex
File: pgflibraryplothandlers.code.tex 2023-01-15 v3.1.10 (3.1.10)
\pgf@plot@mark@count=\count308
\pgfplotmarksize=\dimen195
)
\tikz@lastx=\dimen196
\tikz@lasty=\dimen197
\tikz@lastxsaved=\dimen198
\tikz@lastysaved=\dimen199
\tikz@lastmovetox=\dimen256
\tikz@lastmovetoy=\dimen257
\tikzleveldistance=\dimen258
\tikzsiblingdistance=\dimen259
\tikz@figbox=\box60
\tikz@figbox@bg=\box61
\tikz@tempbox=\box62
\tikz@tempbox@bg=\box63
\tikztreelevel=\count309
\tikznumberofchildren=\count310
\tikznumberofcurrentchild=\count311
\tikz@fig@count=\count312
 (/nix/store/9dj928q9970ri0n3b12q0p7yrr33kjvi-texlive-2025-env-texmfdist/tex/generic/pgf/modules/pgfmodulematrix.code.tex
File: pgfmodulematrix.code.tex 2023-01-15 v3.1.10 (3.1.10)
\pgfmatrixcurrentrow=\count313
\pgfmatrixcurrentcolumn=\count314
\pgf@matrix@numberofcolumns=\count315
)
\tikz@expandcount=\count316
 (/nix/store/9dj928q9970ri0n3b12q0p7yrr33kjvi-texlive-2025-env-texmfdist/tex/generic/pgf/frontendlayer/tikz/libraries/tikzlibrarytopaths.code.tex
File: tikzlibrarytopaths.code.tex 2023-01-15 v3.1.10 (3.1.10)
))) (/nix/store/9dj928q9970ri0n3b12q0p7yrr33kjvi-texlive-2025-env-texmfdist/tex/generic/pgf/libraries/pgflibraryarrows.meta.code.tex
File: pgflibraryarrows.meta.code.tex 2023-01-15 v3.1.10 (3.1.10)
\pgfarrowinset=\dimen260
\pgfarrowlength=\dimen261
\pgfarrowwidth=\dimen262
\pgfarrowlinewidth=\dimen263
) (/nix/store/9dj928q9970ri0n3b12q0p7yrr33kjvi-texlive-2025-env-texmfdist/tex/generic/pgf/frontendlayer/tikz/libraries/tikzlibrarypositioning.code.tex
File: tikzlibrarypositioning.code.tex 2023-01-15 v3.1.10 (3.1.10)
) (/nix/store/9dj928q9970ri0n3b12q0p7yrr33kjvi-texlive-2025-env-texmfdist/tex/latex/orcidlink/orcidlink.sty
Package: orcidlink 2024/06/26 v1.1.0 Support ORCID's three different ID formats.
 (/nix/store/9dj928q9970ri0n3b12q0p7yrr33kjvi-texlive-2025-env-texmfdist/tex/generic/pgf/frontendlayer/tikz/libraries/tikzlibrarysvg.path.code.tex
File: tikzlibrarysvg.path.code.tex 2023-01-15 v3.1.10 (3.1.10)
 (/nix/store/9dj928q9970ri0n3b12q0p7yrr33kjvi-texlive-2025-env-texmfdist/tex/generic/pgf/libraries/pgflibrarysvg.path.code.tex
File: pgflibrarysvg.path.code.tex 2023-01-15 v3.1.10 (3.1.10)
 (/nix/store/9dj928q9970ri0n3b12q0p7yrr33kjvi-texlive-2025-env-texmfdist/tex/generic/pgf/modules/pgfmoduleparser.code.tex
File: pgfmoduleparser.code.tex 2023-01-15 v3.1.10 (3.1.10)
\pgfparserdef@arg@count=\count317
)
\pgf@lib@svg@last@x=\dimen264
\pgf@lib@svg@last@y=\dimen265
\pgf@lib@svg@last@c@x=\dimen266
\pgf@lib@svg@last@c@y=\dimen267
\pgf@lib@svg@count=\count318
\pgf@lib@svg@max@num=\count319
))
\@curXheight=\skip53
) (/nix/store/9dj928q9970ri0n3b12q0p7yrr33kjvi-texlive-2025-env-texmfdist/tex/latex/l3backend/l3backend-pdftex.def
File: l3backend-pdftex.def 2025-06-09 L3 backend support: PDF output (pdfTeX)
\l__color_backend_stack_int=\count320
) (./brainviz-vcbm2026.aux)
\openout1 = `brainviz-vcbm2026.aux'.

LaTeX Font Info:    Checking defaults for OML/cmm/m/it on input line 63.
LaTeX Font Info:    ... okay on input line 63.
LaTeX Font Info:    Checking defaults for OMS/cmsy/m/n on input line 63.
LaTeX Font Info:    ... okay on input line 63.
LaTeX Font Info:    Checking defaults for OT1/cmr/m/n on input line 63.
LaTeX Font Info:    ... okay on input line 63.
LaTeX Font Info:    Checking defaults for T1/cmr/m/n on input line 63.
LaTeX Font Info:    ... okay on input line 63.
LaTeX Font Info:    Checking defaults for TS1/cmr/m/n on input line 63.
LaTeX Font Info:    ... okay on input line 63.
LaTeX Font Info:    Checking defaults for OMX/cmex/m/n on input line 63.
LaTeX Font Info:    ... okay on input line 63.
LaTeX Font Info:    Checking defaults for U/cmr/m/n on input line 63.
LaTeX Font Info:    ... okay on input line 63.
LaTeX Font Info:    Checking defaults for PD1/pdf/m/n on input line 63.
LaTeX Font Info:    ... okay on input line 63.
LaTeX Font Info:    Checking defaults for PU/pdf/m/n on input line 63.
LaTeX Font Info:    ... okay on input line 63.
 (/nix/store/9dj928q9970ri0n3b12q0p7yrr33kjvi-texlive-2025-env-texmfdist/tex/context/base/mkii/supp-pdf.mkii
[Loading MPS to PDF converter (version 2006.09.02).]
\scratchcounter=\count321
\scratchdimen=\dimen268
\scratchbox=\box64
\nofMPsegments=\count322
\nofMParguments=\count323
\everyMPshowfont=\toks32
\MPscratchCnt=\count324
\MPscratchDim=\dimen269
\MPnumerator=\count325
\makeMPintoPDFobject=\count326
\everyMPtoPDFconversion=\toks33
) (/nix/store/9dj928q9970ri0n3b12q0p7yrr33kjvi-texlive-2025-env-texmfdist/tex/latex/epstopdf-pkg/epstopdf-base.sty
Package: epstopdf-base 2020-01-24 v2.11 Base part for package epstopdf
Package epstopdf-base Info: Redefining graphics rule for `.eps' on input line 485.
 (/nix/store/9dj928q9970ri0n3b12q0p7yrr33kjvi-texlive-2025-env-texmfdist/tex/latex/latexconfig/epstopdf-sys.cfg
File: epstopdf-sys.cfg 2010/07/13 v1.3 Configuration of (r)epstopdf for TeX Live
))

Package hyperref Warning: Height of page (\paperheight) is invalid (0.0pt),
(hyperref)                using 11in.

Package hyperref Info: Link coloring ON on input line 63.
LaTeX Font Info:    Trying to load font information for OT1+ptmcm on input line 74.
(/nix/store/9dj928q9970ri0n3b12q0p7yrr33kjvi-texlive-2025-env-texmfdist/tex/latex/psnfss/ot1ptmcm.fd
File: ot1ptmcm.fd 2000/01/03 Fontinst v1.801 font definitions for OT1/ptmcm.
)
LaTeX Font Info:    Trying to load font information for OML+ptmcm on input line 74.
 (/nix/store/9dj928q9970ri0n3b12q0p7yrr33kjvi-texlive-2025-env-texmfdist/tex/latex/psnfss/omlptmcm.fd
File: omlptmcm.fd 2000/01/03 Fontinst v1.801 font definitions for OML/ptmcm.
)
LaTeX Font Info:    Trying to load font information for OMX+psycm on input line 74.
 (/nix/store/9dj928q9970ri0n3b12q0p7yrr33kjvi-texlive-2025-env-texmfdist/tex/latex/psnfss/omxpsycm.fd
File: omxpsycm.fd 2000/01/03 Fontinst v1.801 font definitions for OMX/psycm.
)
LaTeX Font Info:    Trying to load font information for OT1+ptm on input line 74.
 (/nix/store/9dj928q9970ri0n3b12q0p7yrr33kjvi-texlive-2025-env-texmfdist/tex/latex/psnfss/ot1ptm.fd
File: ot1ptm.fd 2001/06/04 font definitions for OT1/ptm.
)
<./figures/unified/final.png, id=10, 2484.28125pt x 1091.57813pt>
File: ./figures/unified/final.png Graphic file (type png)
<use ./figures/unified/final.png>
Package pdftex.def Info: ./figures/unified/final.png  used on input line 74.
(pdftex.def)             Requested size: 456.0pt x 200.35646pt.

Overfull \vbox (8.15282pt too high) has occurred while \output is active []




LaTeX Warning: Text page 1 contains only floats.


Overfull \vbox (17.15282pt too high) has occurred while \output is active []



[1{/nix/store/nwgahyjvwdlvqcydk8brw6dsaqp9rxma-texlive-2025-env/share/texmf-var/fonts/map/pdftex/updmap/pdftex.map}{/nix/store/9dj928q9970ri0n3b12q0p7yrr33kjvi-texlive-2025-env-texmfdist/fonts/enc/dvips/base/8r.enc}


 <./figures/unified/final.png (PNG copy)>]
Underfull \hbox (badness 4765) in paragraph at lines 87--88
\T1/ptm/m/n/9 ing method in autism spec-trum dis-or-der (ASD) re-
 []



(./brainviz-vcbm2026.bbl (./brainviz-vcbm2026.brf)
\tf@brf=\write4
\openout4 = `brainviz-vcbm2026.brf'.


Underfull \hbox (badness 1533) in paragraph at lines 9--9
\T1/ptm/m/it/8 Com-puter Meth-ods and Pro-grams in Biomedicine 154 \T1/ptm/m/n/8 (11
 []


Underfull \hbox (badness 1616) in paragraph at lines 9--9
\T1/ptm/m/n/8 2017), 143--151.  URL: [][]$\T1/pcr/m/n/8 https : / / doi . org / 10 . 1016 /
 []



[2]
Underfull \hbox (badness 2229) in paragraph at lines 15--15
[]\T1/ptm/m/sc/8 Bernas A., Breuer L. E. M., Aldenkamp
 []


Underfull \hbox (badness 5726) in paragraph at lines 15--15
\T1/ptm/m/sc/8 A. P., Zinger S.\T1/ptm/m/n/8 :  Em-u-la-tive, co-her-ent, and causal
 []


Underfull \hbox (badness 5022) in paragraph at lines 15--15
\T1/ptm/m/n/8 dy-nam-ics be-tween large-scale brain net-works are neu-ro-
 []


Underfull \hbox (badness 3838) in paragraph at lines 15--15
\T1/ptm/m/n/8 biomark-ers of Ac-cel-er-ated Cog-ni-tive Age-ing in epilepsy.
 []


Underfull \hbox (badness 2261) in paragraph at lines 15--15
\T1/ptm/m/it/8 PLoS ONE 16\T1/ptm/m/n/8 , 4 (4 2021), e0250222.  URL: [][]$\T1/pcr/m/n/8 https :
 []


Underfull \hbox (badness 1122) in paragraph at lines 21--21
[]\T1/ptm/m/sc/8 Chang C., Glover G. H.\T1/ptm/m/n/8 :  Time--frequency dy-
 []


Underfull \hbox (badness 4505) in paragraph at lines 21--21
\T1/ptm/m/n/8 nam-ics of resting-state brain con-nec-tiv-ity mea-sured with
 []


Underfull \hbox (badness 10000) in paragraph at lines 21--21
\T1/pcr/m/n/8 / / doi . org / 10 . 1016 / j . neuroimage . 2009 . 12 . 011$[][]\T1/ptm/m/n/8 ,
 []


Underfull \hbox (badness 6204) in paragraph at lines 33--33
[]\T1/ptm/m/sc/8 Grinsted A., Moore J. C., Jevre-jeva S.\T1/ptm/m/n/8 :
 []


Underfull \hbox (badness 4726) in paragraph at lines 33--33
\T1/ptm/m/n/8 Ap-pli-ca-tion of the cross wavelet trans-form and wavelet
 []


Underfull \hbox (badness 5203) in paragraph at lines 33--33
\T1/ptm/m/n/8 co-her-ence to geo-phys-i-cal time se-ries.  \T1/ptm/m/it/8 Non-lin-ear pro-
 []


Underfull \hbox (badness 1308) in paragraph at lines 33--33
\T1/ptm/m/it/8 cesses in geo-physics 11\T1/ptm/m/n/8 , 5/6 (11 2004), 561--566.  URL:
 []


Underfull \hbox (badness 10000) in paragraph at lines 33--33
[][]$\T1/pcr/m/n/8 https : / / doi . org / 10 . 5194 / npg-[]11-[]561-[]2004$[][]\T1/ptm/m/n/8 ,
 []


Underfull \hbox (badness 1769) in paragraph at lines 39--39
[]\T1/ptm/m/sc/8 Hutchison R. M., Wom-els-dorf T., Allen
 []


Underfull \hbox (badness 2564) in paragraph at lines 39--39
\T1/ptm/m/sc/8 M., Della Penna S., Duyn J. H., Glover G. H.,
 []


Underfull \hbox (badness 4543) in paragraph at lines 39--39
\T1/ptm/m/sc/8 Gonzalez-Castillo J., Handw-erker D. A., Keil-
 []


Underfull \hbox (badness 3930) in paragraph at lines 39--39
\T1/ptm/m/sc/8 F., Sporns O., Wal-ter M., Chang C.\T1/ptm/m/n/8 :  Dy-namic
 []


Underfull \hbox (badness 10000) in paragraph at lines 39--39
\T1/ptm/m/n/8 func-tional con-nec-tiv-ity: Promise, is-sues, and in-ter-pre-ta-
 []


Underfull \hbox (badness 10000) in paragraph at lines 39--39
\T1/pcr/m/n/8 / / doi . org / 10 . 1016 / j . neuroimage . 2013 . 05 . 079$[][]\T1/ptm/m/n/8 ,
 []


Underfull \hbox (badness 10000) in paragraph at lines 45--45
\T1/pcr/m/n/8 / / doi . org / 10 . 1016 / j . neuroimage . 2016 . 12 . 061$[][]\T1/ptm/m/n/8 ,
 []


Underfull \hbox (badness 1062) in paragraph at lines 57--57
[]\T1/ptm/m/sc/8 Schielen S. J. C., Pilmeyer J., Aldenkamp
 []


Underfull \hbox (badness 2142) in paragraph at lines 63--63
\T1/ptm/m/sc/8 A. P., Zinger S.\T1/ptm/m/n/8 :  The di-ag-no-sis of ASD with MRI:
 []


Underfull \hbox (badness 4120) in paragraph at lines 63--63
\T1/ptm/m/it/8 chi-a-try 14\T1/ptm/m/n/8 , 1 (8 2024), 318.  URL: [][]$\T1/pcr/m/n/8 https : / / doi .
 []


Underfull \hbox (badness 10000) in paragraph at lines 69--69
\T1/pcr/m/n/8 10 . 1175 / 1520-[]0477(1998 ) 079<[]0061 : apgtwa >[] 2 .
 []



)

[3] (./brainviz-vcbm2026.aux)
 ***********
LaTeX2e <2025-06-01> patch level 1
L3 programming layer <2025-06-09>
 ***********
Package rerunfilecheck Info: File `brainviz-vcbm2026.brf' has not changed.
(rerunfilecheck)             Checksum: 3A5BA2FDA96CC9014711B1F40BB682C2;761.
 ) 
Here is how much of TeX's memory you used:
 20433 strings out of 467890
 402525 string characters out of 5410143
 783500 words of memory out of 5000000
 48605 multiletter control sequences out of 15000+600000
 674212 words of font info for 102 fonts, out of 8000000 for 9000
 1141 hyphenation exceptions out of 8191
 90i,13n,93p,1242b,876s stack positions out of 10000i,1000n,20000p,200000b,200000s
</nix/store/9dj928q9970ri0n3b12q0p7yrr33kjvi-texlive-2025-env-texmfdist/fonts/type1/public/amsfonts/cm/cmmi10.pfb></nix/store/9dj928q9970ri0n3b12q0p7yrr33kjvi-texlive-2025-env-texmfdist/fonts/type1/public/amsfonts/cm/cmr10.pfb></nix/store/9dj928q9970ri0n3b12q0p7yrr33kjvi-texlive-2025-env-texmfdist/fonts/type1/public/amsfonts/cm/cmsy6.pfb></nix/store/9dj928q9970ri0n3b12q0p7yrr33kjvi-texlive-2025-env-texmfdist/fonts/type1/public/amsfonts/cm/cmsy7.pfb></nix/store/9dj928q9970ri0n3b12q0p7yrr33kjvi-texlive-2025-env-texmfdist/fonts/type1/public/amsfonts/cm/cmsy9.pfb></nix/store/9dj928q9970ri0n3b12q0p7yrr33kjvi-texlive-2025-env-texmfdist/fonts/type1/urw/courier/ucrr8a.pfb></nix/store/9dj928q9970ri0n3b12q0p7yrr33kjvi-texlive-2025-env-texmfdist/fonts/type1/urw/courier/ucrr8a.pfb></nix/store/9dj928q9970ri0n3b12q0p7yrr33kjvi-texlive-2025-env-texmfdist/fonts/type1/urw/times/utmb8a.pfb></nix/store/9dj928q9970ri0n3b12q0p7yrr33kjvi-texlive-2025-env-texmfdist/fonts/type1/urw/times/utmr8a.pfb></nix/store/9dj928q9970ri0n3b12q0p7yrr33kjvi-texlive-2025-env-texmfdist/fonts/type1/urw/times/utmri8a.pfb>
Output written on brainviz-vcbm2026.pdf (3 pages, 1870939 bytes).
PDF statistics:
 177 PDF objects out of 1000 (max. 8388607)
 149 compressed objects within 2 object streams
 20 named destinations out of 1000 (max. 500000)
 18 words of extra memory for PDF output out of 10000 (max. 10000000)

